[32m[info] [0mcreating domain socket
[32m[info] [0mcreating domain socket
[32m[info] [0mbinding socket to address
[32m[info] [0mbind successful
[32m[info] [0mcreating domain socket
[32m[info] [0mcreating domain socket
[32m[info] [0mclient published resource: 
